 status: Waiting for all active AIDRS daemons to finish gracefully....
 status: All AIDRS (daemons and objects were removed).
 status: Removing all VMCRS objects attached to this experiment.
 status: Removing all FIRS objects attached to this experiment.
 status: Removing all AI objects attached to this experiment.
 status: Removing all VM objects attached to this experiment.
 status: Removing all VMC objects attached to this experiment.
 status: VMC 64744820-92D0-5D65-B740-65F045C6B20A was successfully unregistered on SimCloud "TESTSIMCLOUD".
 status: VMC E6BAAB23-2BE0-5B4D-9719-0056F8198FBA was successfully unregistered on SimCloud "TESTSIMCLOUD".
 status: VMC 173B0882-0EF6-5D32-A977-891050096378 was successfully unregistered on SimCloud "TESTSIMCLOUD".
 status: VMC C58BB139-B926-5EBD-A684-1E9B469A1996 was successfully unregistered on SimCloud "TESTSIMCLOUD".
 status: Done
 status: Removing all contents from Object Store (GLOBAL objects,VIEWS, etc.)
Disassociating default cloud: TESTSIMCLOUD
Cloud TESTSIMCLOUD was successfully detached from this experiment.
