VM object 06DDC610-2A19-59CD-91EE-8FE70AA0F412 (named "vm_3") had its run state successfully changed to "resume" on this experiment.
The following state values are available for the objects on this experiment (Cloud TESTCLOUD) :
------------------ PER-OBJECT STATE (CLOUD TESTCLOUD)  -----------------
|Object Type    |Object Name    |Object UUID                             |State                     
|VMC            |simzone_a      |CEA17C37-820A-507F-9356-90956267A568    |attached                  
|VMC            |simzone_d      |966D86CB-90BB-553D-A06A-0FFA0818D568    |attached                  
|VMC            |simzone_c      |C41BC369-F411-5382-B95F-70C31BD20E23    |attached                  
|VMC            |simzone_b      |2FF9728E-95B3-5EE9-A0A4-61875B507FA8    |attached                  
|VMC            |simzone_a      |CEA17C37-820A-507F-9356-90956267A568    |attached                  
|VMC            |simzone_d      |966D86CB-90BB-553D-A06A-0FFA0818D568    |attached                  
|VMC            |simzone_c      |C41BC369-F411-5382-B95F-70C31BD20E23    |attached                  
|VMC            |simzone_b      |2FF9728E-95B3-5EE9-A0A4-61875B507FA8    |attached                  
|HOST           |host_simhosta2 |B73669D1-9060-5FAC-9F47-05D382D6CF63    |attached                  
|HOST           |host_simhostb0 |254FF1FD-F9E0-5B42-8E65-A8C3938C49C2    |attached                  
|HOST           |host_simhosta1 |4A53898F-8489-5222-8C55-DB7778AA5192    |attached                  
|HOST           |host_simhosta0 |D088196B-423E-5677-A52C-D31C2EF8BD49    |attached                  
|HOST           |host_simhostd2 |45329B2F-A03E-5BD8-81D8-54E30B470263    |attached                  
|HOST           |host_simhostb1 |BD237F06-DFFC-5967-AA8A-E22C568334B0    |attached                  
|HOST           |host_simhostd0 |546F235F-880B-5CCF-B394-424ECF2CE699    |attached                  
|HOST           |host_simhostb2 |7EF09949-366C-54E7-B825-CF71F5CFBB49    |attached                  
|HOST           |host_simhostd1 |0DF46749-2932-5B84-8D57-00FFE9DB8251    |attached                  
|HOST           |host_simhosta4 |A290C5B1-769D-55BD-8A1F-869FBB867544    |attached                  
|HOST           |host_simhosta3 |EC537041-F829-5D6A-A981-E65E2B046B48    |attached                  
|HOST           |host_simhostd3 |D9786432-934B-5642-B439-55B2C1EF6D98    |attached                  
|HOST           |host_simhostb3 |F70B4B44-9838-5AEB-841E-A9D467D14B04    |attached                  
|HOST           |host_simhostc1 |D68027A6-73D5-56BB-9A6B-D610055E049C    |attached                  
|HOST           |host_simhostc3 |B92793DA-E1C7-5CB0-88C6-A34EC6C995A0    |attached                  
|HOST           |host_simhostc0 |4EE1583A-DBBF-59DF-A9C9-C4A18E969FF8    |attached                  
|HOST           |host_simhostc2 |F3623070-812F-5C0B-B932-FE88D2F1EA07    |attached                  
|HOST           |host_simhostb4 |D074ED59-901A-52B1-B2FD-B8E41F04AB95    |attached                  
|HOST           |host_simhostd4 |27973756-7C92-50DB-91BA-9C25F2D64A72    |attached                  
|HOST           |host_simhostc4 |7173CC44-A917-5E94-9FED-CC9EB7118B64    |attached                  
|VMC            |simzone_a      |CEA17C37-820A-507F-9356-90956267A568    |attached                  
|VMC            |simzone_d      |966D86CB-90BB-553D-A06A-0FFA0818D568    |attached                  
|VMC            |simzone_c      |C41BC369-F411-5382-B95F-70C31BD20E23    |attached                  
|VMC            |simzone_b      |2FF9728E-95B3-5EE9-A0A4-61875B507FA8    |attached                  
|HOST           |host_simhosta2 |B73669D1-9060-5FAC-9F47-05D382D6CF63    |attached                  
|HOST           |host_simhostb0 |254FF1FD-F9E0-5B42-8E65-A8C3938C49C2    |attached                  
|HOST           |host_simhosta1 |4A53898F-8489-5222-8C55-DB7778AA5192    |attached                  
|HOST           |host_simhosta0 |D088196B-423E-5677-A52C-D31C2EF8BD49    |attached                  
|HOST           |host_simhostd2 |45329B2F-A03E-5BD8-81D8-54E30B470263    |attached                  
|HOST           |host_simhostb1 |BD237F06-DFFC-5967-AA8A-E22C568334B0    |attached                  
|HOST           |host_simhostd0 |546F235F-880B-5CCF-B394-424ECF2CE699    |attached                  
|HOST           |host_simhostb2 |7EF09949-366C-54E7-B825-CF71F5CFBB49    |attached                  
|HOST           |host_simhostd1 |0DF46749-2932-5B84-8D57-00FFE9DB8251    |attached                  
|HOST           |host_simhosta4 |A290C5B1-769D-55BD-8A1F-869FBB867544    |attached                  
|HOST           |host_simhosta3 |EC537041-F829-5D6A-A981-E65E2B046B48    |attached                  
|HOST           |host_simhostd3 |D9786432-934B-5642-B439-55B2C1EF6D98    |attached                  
|HOST           |host_simhostb3 |F70B4B44-9838-5AEB-841E-A9D467D14B04    |attached                  
|HOST           |host_simhostc1 |D68027A6-73D5-56BB-9A6B-D610055E049C    |attached                  
|HOST           |host_simhostc3 |B92793DA-E1C7-5CB0-88C6-A34EC6C995A0    |attached                  
|HOST           |host_simhostc0 |4EE1583A-DBBF-59DF-A9C9-C4A18E969FF8    |attached                  
|HOST           |host_simhostc2 |F3623070-812F-5C0B-B932-FE88D2F1EA07    |attached                  
|HOST           |host_simhostb4 |D074ED59-901A-52B1-B2FD-B8E41F04AB95    |attached                  
|HOST           |host_simhostd4 |27973756-7C92-50DB-91BA-9C25F2D64A72    |attached                  
|HOST           |host_simhostc4 |7173CC44-A917-5E94-9FED-CC9EB7118B64    |attached                  
|VM             |vm_1           |F2DE6C84-C41F-54D4-A409-1BE7003DCF5D    |attached                  
|VM             |vm_14          |FE42C92E-79A5-5716-8B8C-F3AA4EA27024    |attached                  
|VM             |vm_18          |A012DC77-B102-522C-8A81-B802E5746B89    |attached                  
|VM             |vm_9           |E1FAD711-2416-5BED-AECC-4722F45047EA    |attached                  
|VM             |vm_3           |06DDC610-2A19-59CD-91EE-8FE70AA0F412    |attached                  
|VM             |vm_15          |1CE1B9EC-221B-54BB-9082-F19DC9E7F430    |attached                  
|VM             |vm_7           |7F3D1DA3-84B6-5EC7-B15E-1183C8F194F0    |attached                  
|VM             |vm_6           |FBC08A73-B541-58B5-9458-5E9C2C25AF84    |attached                  
|VM             |vm_22          |8413EFBF-C617-5254-BF0E-69D8F4949938    |attached                  
|VM             |vm_4           |0D535CBB-6E66-5F28-BDAE-28CF512F3907    |attached                  
|VM             |vm_13          |A2019B8E-657C-5C00-B00B-CD694E918A19    |attached                  
|VM             |vm_16          |18532C1F-0B2C-55E3-97E6-19E42CA20D1E    |attached                  
|VM             |vm_19          |46B3BCB4-02A0-53E7-B126-C41957B8006F    |attached                  
|VM             |vm_21          |3DA7CCD3-A621-53FC-89F3-4220B63A2034    |attached                  
|VM             |vm_5           |058C61FC-03C5-5763-82DE-3E6F0C66A8B9    |attached                  
|VM             |vm_12          |DAF5DF3C-7901-5C98-B47D-66D658A41EB2    |attached                  
|VM             |vm_10          |1427454D-B21C-5935-9C1A-CEDBB9D34477    |attached                  
|VM             |vm_17          |E5E97C36-B9BE-5D9C-BF83-38E72C3A1369    |attached                  
|VM             |vm_8           |6191F3B1-E574-5AA1-89D0-6A63D7FB432D    |attached                  
|VM             |vm_11          |A520DCCA-A3D9-5516-A6C8-41DE043E2140    |attached                  
|VM             |vm_20          |37300792-1106-55E1-B84F-496CE25F9996    |attached                  

The following statistics are available on this experiment (Cloud TESTCLOUD) :
------------------------- OBJECT STORE -----------------------
|Metric                                               |Value                         
|Used Memory                                          |2.50M                         
|Redis Version                                        |2.5.12                        
|Uptime (in seconds)                                  |2417417                       
|Total Connections Received                           |4563                          
|Total Commands Processed                             |3908108                       
|Number of Keys                                       |440                           
------------------------- METRIC STORE -----------------------
|Metric                                               |Value                         
|MongoDB Version                                      |2.4.5                         
|Storage Size                                         |5448777728.0                  
|Data Size                                            |4962197976.0                  
|Index Size                                           |133775712                     
|Average Object Size                                  |8102.76478426                 
|Collections                                          |40                            
--------------------- EXPERIMENT OBJECTS ---------------------
|Object                                               |Count                         
|VMCs                                                 |4                             
|HOSTs                                                |20                            
|VMs                                                  |21                            
|AIs                                                  |0                             
|AIDRSs                                               |0                             
|VMCRSs                                               |0                             
|FIRSs                                                |0                             
------------------ EXPERIMENT-WIDE COUNTERS ------------------
|Counter                                              |Value                         
|VMC RESERVATIONS                                     |4                             
|VMCs ARRIVED                                         |16                            
|VMCs ARRIVING                                        |0                             
|VMCs DEPARTED                                        |12                            
|VMCs DEPARTING                                       |0                             
|VMCs FAILED                                          |0                             
|HOST RESERVATIONS                                    |0                             
|HOSTs ARRIVED                                        |0                             
|HOSTs ARRIVING                                       |0                             
|HOSTs DEPARTED                                       |0                             
|HOSTs DEPARTING                                      |0                             
|HOSTs FAILED                                         |0                             
|VM RESERVATIONS                                      |21                            
|VMs ARRIVED                                          |22                            
|VMs ARRIVING                                         |0                             
|VMs CAPTURING                                        |0                             
|VMs DEPARTED                                         |1                             
|VMs DEPARTING                                        |0                             
|VMs FAILED                                           |0                             
|AI RESERVATIONS                                      |0                             
|AIs ARRIVED                                          |0                             
|AIs ARRIVING                                         |0                             
|AIs CAPTURING                                        |0                             
|AIs DEPARTED                                         |0                             
|AIs DEPARTING                                        |0                             
|AIs FAILED                                           |0                             
|AIDRS RESERVATIONS                                   |0                             
|AIDRSs ARRIVED                                       |0                             
|AIDRSs ARRIVING                                      |0                             
|AIDRSs DEPARTED                                      |0                             
|AIDRSs DEPARTING                                     |0                             
|AIDRSs FAILED                                        |0                             
|VMCRS RESERVATIONS                                   |0                             
|VMCRSs ARRIVED                                       |0                             
|VMCRSs ARRIVING                                      |0                             
|VMCRSs DEPARTED                                      |0                             
|VMCRSs DEPARTING                                     |0                             
|VMCRSs FAILED                                        |0                             
|FIRS RESERVATIONS                                    |0                             
|FIRSs ARRIVED                                        |0                             
|FIRSs ARRIVING                                       |0                             
|FIRSs DEPARTED                                       |0                             
|FIRSs DEPARTING                                      |0                             
|FIRSs FAILED                                         |0                             
|EXPERIMENT COUNTER                                   |111                           

 ---------------- VMC-WIDE COUNTERS ----------------
|CEA17C37-820A-507F-9356-90956267A568 (simzone_a) VM RESERVATIONS|5                             
|966D86CB-90BB-553D-A06A-0FFA0818D568 (simzone_d) VM RESERVATIONS|1                             
|C41BC369-F411-5382-B95F-70C31BD20E23 (simzone_c) VM RESERVATIONS|6                             
|2FF9728E-95B3-5EE9-A0A4-61875B507FA8 (simzone_b) VM RESERVATIONS|9                             

