VM object 1304A629-B272-53F3-99F2-C116650A5340 (named "vm_3") had its run state successfully changed to "resume" on this experiment.
The following state values are available for the objects on this experiment (Cloud TESTCLOUD) :
------------------ PER-OBJECT STATE (CLOUD TESTCLOUD)  -----------------
|Object Type    |Object Name    |Object UUID                             |State                     
|VMC            |simzone_b      |76A8BFA3-0C2E-5D7E-A667-254C804D93C2    |attached                  
|VMC            |simzone_c      |785C590F-E88D-5ABB-9A6F-08292348ADB9    |attached                  
|VMC            |simzone_a      |DE75759E-CFAB-53C8-A062-05C5AB16764D    |attached                  
|VMC            |simzone_d      |706D24CD-9D55-592D-915D-7D4D41F35312    |attached                  
|VMC            |simzone_b      |76A8BFA3-0C2E-5D7E-A667-254C804D93C2    |attached                  
|VMC            |simzone_c      |785C590F-E88D-5ABB-9A6F-08292348ADB9    |attached                  
|VMC            |simzone_a      |DE75759E-CFAB-53C8-A062-05C5AB16764D    |attached                  
|VMC            |simzone_d      |706D24CD-9D55-592D-915D-7D4D41F35312    |attached                  
|HOST           |host_simhostc0 |2D5DCE24-F4CF-584F-A949-030A9A8A69BD    |attached                  
|HOST           |host_simhostc3 |5BF54A15-2E50-56E8-8BD5-E0B805A065E4    |attached                  
|HOST           |host_simhosta0 |0D697C37-02D9-5414-9414-75A8B51F3CC6    |attached                  
|HOST           |host_simhostb3 |20814D9C-5730-5898-A655-98E65B4B8A1E    |attached                  
|HOST           |host_simhostd1 |776862A0-B23D-5701-AAE6-008E397384C0    |attached                  
|HOST           |host_simhostc1 |E9909753-0377-54BB-AD4A-2B76F2C6657C    |attached                  
|HOST           |host_simhostb4 |E42F16D5-77F0-5193-85A2-B268365019F2    |attached                  
|HOST           |host_simhosta2 |72E6C041-01A5-56AF-BE6C-122F0F2E3088    |attached                  
|HOST           |host_simhosta3 |893D8828-227E-58FB-A219-B6716DA8F6C2    |attached                  
|HOST           |host_simhostc2 |E18C0574-E910-58E3-B81D-28192C84E608    |attached                  
|HOST           |host_simhostd2 |D6EA6DB0-F2DD-5DC8-84BD-8B44292F2707    |attached                  
|HOST           |host_simhosta4 |C0E8026D-EF80-5466-A3AE-65DA5A7F01C7    |attached                  
|HOST           |host_simhostb1 |96C32AA9-9C67-5083-8290-58AEB8EB0830    |attached                  
|HOST           |host_simhostb0 |173D9F0D-CE74-59FF-A408-72FF5F8AF56E    |attached                  
|HOST           |host_simhostb2 |D27BF991-969C-53C1-AC0B-E553AF0D97FB    |attached                  
|HOST           |host_simhostc4 |1A820D45-0832-582B-85B0-9D54549B5B69    |attached                  
|HOST           |host_simhostd4 |7F91D184-1425-50C0-8750-BF83747DEB9A    |attached                  
|HOST           |host_simhostd0 |6CA2F3DD-2942-57A5-B601-E3C8B6AA216B    |attached                  
|HOST           |host_simhosta1 |DBB5C761-ABA1-5EED-BBE0-532A07FFC0B1    |attached                  
|HOST           |host_simhostd3 |B5BE95A2-55A6-5584-BB92-7E36578337F1    |attached                  
|VMC            |simzone_b      |76A8BFA3-0C2E-5D7E-A667-254C804D93C2    |attached                  
|VMC            |simzone_c      |785C590F-E88D-5ABB-9A6F-08292348ADB9    |attached                  
|VMC            |simzone_a      |DE75759E-CFAB-53C8-A062-05C5AB16764D    |attached                  
|VMC            |simzone_d      |706D24CD-9D55-592D-915D-7D4D41F35312    |attached                  
|HOST           |host_simhostc0 |2D5DCE24-F4CF-584F-A949-030A9A8A69BD    |attached                  
|HOST           |host_simhostc3 |5BF54A15-2E50-56E8-8BD5-E0B805A065E4    |attached                  
|HOST           |host_simhosta0 |0D697C37-02D9-5414-9414-75A8B51F3CC6    |attached                  
|HOST           |host_simhostb3 |20814D9C-5730-5898-A655-98E65B4B8A1E    |attached                  
|HOST           |host_simhostd1 |776862A0-B23D-5701-AAE6-008E397384C0    |attached                  
|HOST           |host_simhostc1 |E9909753-0377-54BB-AD4A-2B76F2C6657C    |attached                  
|HOST           |host_simhostb4 |E42F16D5-77F0-5193-85A2-B268365019F2    |attached                  
|HOST           |host_simhosta2 |72E6C041-01A5-56AF-BE6C-122F0F2E3088    |attached                  
|HOST           |host_simhosta3 |893D8828-227E-58FB-A219-B6716DA8F6C2    |attached                  
|HOST           |host_simhostc2 |E18C0574-E910-58E3-B81D-28192C84E608    |attached                  
|HOST           |host_simhostd2 |D6EA6DB0-F2DD-5DC8-84BD-8B44292F2707    |attached                  
|HOST           |host_simhosta4 |C0E8026D-EF80-5466-A3AE-65DA5A7F01C7    |attached                  
|HOST           |host_simhostb1 |96C32AA9-9C67-5083-8290-58AEB8EB0830    |attached                  
|HOST           |host_simhostb0 |173D9F0D-CE74-59FF-A408-72FF5F8AF56E    |attached                  
|HOST           |host_simhostb2 |D27BF991-969C-53C1-AC0B-E553AF0D97FB    |attached                  
|HOST           |host_simhostc4 |1A820D45-0832-582B-85B0-9D54549B5B69    |attached                  
|HOST           |host_simhostd4 |7F91D184-1425-50C0-8750-BF83747DEB9A    |attached                  
|HOST           |host_simhostd0 |6CA2F3DD-2942-57A5-B601-E3C8B6AA216B    |attached                  
|HOST           |host_simhosta1 |DBB5C761-ABA1-5EED-BBE0-532A07FFC0B1    |attached                  
|HOST           |host_simhostd3 |B5BE95A2-55A6-5584-BB92-7E36578337F1    |attached                  
|VM             |vm_8           |4A86138A-F12F-50FF-9C62-1042B8432A16    |attached                  
|VM             |vm_22          |C4C76CC2-7DE2-5DBA-B0A2-A1986EFFF633    |attached                  
|VM             |vm_6           |74AF7F16-9A25-5973-9371-431B14E3499D    |attached                  
|VM             |vm_1           |776531B5-7DCD-5B1C-BDD2-0962E8F87DF2    |attached                  
|VM             |vm_20          |D8825ACB-3DA1-593E-928F-91C48A6E8A68    |attached                  
|VM             |vm_21          |48A09473-7E1A-5800-8530-891ADB708644    |attached                  
|VM             |vm_9           |C6E7C4CD-8A47-5826-A061-8C1670692FE2    |attached                  
|VM             |vm_18          |7F75D423-84E8-50C5-8B1C-741A46E3D06A    |attached                  
|VM             |vm_13          |D034CB71-8EDC-52AA-BEA1-D4783A802FD6    |attached                  
|VM             |vm_5           |033D3751-876F-54FF-9FE4-07EA02E951FF    |attached                  
|VM             |vm_14          |A23F8E82-5D27-5624-AD48-360368A4B6F3    |attached                  
|VM             |vm_3           |1304A629-B272-53F3-99F2-C116650A5340    |attached                  
|VM             |vm_7           |BC432A15-7D32-51E6-966C-387BE1E0F1EE    |attached                  
|VM             |vm_10          |66A867D7-232A-59C5-A60D-E6D998D88BA1    |attached                  
|VM             |vm_4           |9F550248-A2E3-5568-B7A3-C5B8711C434F    |attached                  
|VM             |vm_17          |25DCEEC3-AAFF-5AD0-9DBD-EA815E88D8F8    |attached                  
|VM             |vm_15          |A2FAF47B-6AAF-50A3-AE4B-5805BB7D64CD    |attached                  
|VM             |vm_19          |82FEB23E-38BC-5F8D-841F-5A68BF2A6FB1    |attached                  
|VM             |vm_11          |7B4DB42B-F55F-5528-8E29-181D72F2098C    |attached                  
|VM             |vm_16          |D67B6962-A80A-5060-8189-5FA56762E6C9    |attached                  
|VM             |vm_12          |447FB2A8-F053-5C88-AE6D-FD9F19319362    |attached                  

The following statistics are available on this experiment (Cloud TESTCLOUD) :
------------------------- OBJECT STORE -----------------------
|Metric                                               |Value                         
|Used Memory                                          |1.96M                         
|Redis Version                                        |2.6.16                        
|Uptime (in seconds)                                  |3792428                       
|Total Connections Received                           |81186                         
|Total Commands Processed                             |5781906                       
|Number of Keys                                       |437                           
------------------------- METRIC STORE -----------------------
|Metric                                               |Value                         
|MongoDB Version                                      |2.4.9                         
|Storage Size                                         |1339392                       
|Data Size                                            |165104                        
|Index Size                                           |294336                        
|Average Object Size                                  |402.692682927                 
|Collections                                          |14                            
--------------------- EXPERIMENT OBJECTS ---------------------
|Object                                               |Count                         
|VMCs                                                 |4                             
|HOSTs                                                |20                            
|VMs                                                  |21                            
|AIs                                                  |0                             
|AIDRSs                                               |0                             
|VMCRSs                                               |0                             
|FIRSs                                                |0                             
------------------ EXPERIMENT-WIDE COUNTERS ------------------
|Counter                                              |Value                         
|VMC RESERVATIONS                                     |4                             
|VMCs ARRIVED                                         |16                            
|VMCs ARRIVING                                        |0                             
|VMCs DEPARTED                                        |12                            
|VMCs DEPARTING                                       |0                             
|VMCs FAILED                                          |0                             
|HOST RESERVATIONS                                    |0                             
|HOSTs ARRIVED                                        |0                             
|HOSTs ARRIVING                                       |0                             
|HOSTs DEPARTED                                       |0                             
|HOSTs DEPARTING                                      |0                             
|HOSTs FAILED                                         |0                             
|VM RESERVATIONS                                      |21                            
|VMs ARRIVED                                          |22                            
|VMs ARRIVING                                         |0                             
|VMs CAPTURING                                        |0                             
|VMs DEPARTED                                         |1                             
|VMs DEPARTING                                        |0                             
|VMs FAILED                                           |0                             
|AI RESERVATIONS                                      |0                             
|AIs ARRIVED                                          |0                             
|AIs ARRIVING                                         |0                             
|AIs CAPTURING                                        |0                             
|AIs DEPARTED                                         |0                             
|AIs DEPARTING                                        |0                             
|AIs FAILED                                           |0                             
|AIDRS RESERVATIONS                                   |0                             
|AIDRSs ARRIVED                                       |0                             
|AIDRSs ARRIVING                                      |0                             
|AIDRSs DEPARTED                                      |0                             
|AIDRSs DEPARTING                                     |0                             
|AIDRSs FAILED                                        |0                             
|VMCRS RESERVATIONS                                   |0                             
|VMCRSs ARRIVED                                       |0                             
|VMCRSs ARRIVING                                      |0                             
|VMCRSs DEPARTED                                      |0                             
|VMCRSs DEPARTING                                     |0                             
|VMCRSs FAILED                                        |0                             
|FIRS RESERVATIONS                                    |0                             
|FIRSs ARRIVED                                        |0                             
|FIRSs ARRIVING                                       |0                             
|FIRSs DEPARTED                                       |0                             
|FIRSs DEPARTING                                      |0                             
|FIRSs FAILED                                         |0                             
|EXPERIMENT COUNTER                                   |111                           

 ---------------- VMC-WIDE COUNTERS ----------------
|76A8BFA3-0C2E-5D7E-A667-254C804D93C2 (simzone_b) VM RESERVATIONS|7                             
|785C590F-E88D-5ABB-9A6F-08292348ADB9 (simzone_c) VM RESERVATIONS|5                             
|DE75759E-CFAB-53C8-A062-05C5AB16764D (simzone_a) VM RESERVATIONS|8                             
|706D24CD-9D55-592D-915D-7D4D41F35312 (simzone_d) VM RESERVATIONS|1                             

