The following FAILED VMs are in this experiment (Cloud TESTCLOUD) :
|name          |role                |size        |cloud_ip        |host_name                  |vmc_pool      |netname    |ai      |aidrs      |uuid
|vm_23         |norole              |from_vm_template|undefined       |unavailable                |unavailable   |private    |none    |none       |F2778E8A-E566-56ED-999F-D3A382EB4A37
|vm_24         |willfail            |nano32      |undefined       |unavailable                |SUT           |private    |none    |none       |760685B2-BC54-5851-B01E-FAAE51727F4A
|vm_25         |willfail            |nano32      |undefined       |unavailable                |SUT           |private    |none    |none       |44B9F311-528B-59B0-A435-B0F2D89DEBED

