VM object EE9F2972-129F-5020-A9CA-5FFD376C69A9 (named "vm_3") had its run state successfully changed to "restore" on this experiment.
The following state values are available for the objects on this experiment (Cloud TESTCLOUD) :
------------------ PER-OBJECT STATE (CLOUD TESTCLOUD)  -----------------
|Object Type    |Object Name    |Object UUID                             |State                     
|VMC            |simzone_c      |516A5A15-B093-5B5F-B171-EE9AA82AAEF0    |attached                  
|VMC            |simzone_d      |8D79A9F1-34B8-5D1A-A903-082245CE052C    |attached                  
|VMC            |simzone_b      |B0B6FF0A-FAE8-5217-A335-C0F1B0BEA0D6    |attached                  
|VMC            |simzone_a      |D5506DC9-493A-57EE-86F6-0B96CB07D162    |attached                  
|VMC            |simzone_c      |516A5A15-B093-5B5F-B171-EE9AA82AAEF0    |attached                  
|VMC            |simzone_d      |8D79A9F1-34B8-5D1A-A903-082245CE052C    |attached                  
|VMC            |simzone_b      |B0B6FF0A-FAE8-5217-A335-C0F1B0BEA0D6    |attached                  
|VMC            |simzone_a      |D5506DC9-493A-57EE-86F6-0B96CB07D162    |attached                  
|HOST           |host_simhostd1 |06730952-DF7F-5B18-9348-A4275DAF829D    |attached                  
|HOST           |host_simhostc3 |8E2EE3D5-7782-58C3-9E39-4012B5F9CEF7    |attached                  
|HOST           |host_simhostc1 |DF8D2780-D691-5FA1-858E-061B505FBE1C    |attached                  
|HOST           |host_simhostd4 |09383424-D590-5BD8-84E1-02661A0E7A6F    |attached                  
|HOST           |host_simhosta3 |B91E7BDD-ED1B-5A59-89D7-74CBBDB8A7D4    |attached                  
|HOST           |host_simhostc0 |92A9F1B1-EFE2-5B16-9E62-38CE813085CD    |attached                  
|HOST           |host_simhostd3 |BF367A0A-46AB-50AD-AF8B-A975943DB7D6    |attached                  
|HOST           |host_simhosta4 |BEEFF5FC-A78F-5D78-A014-15C6A1B08834    |attached                  
|HOST           |host_simhostc2 |1726BD2D-451A-50F9-9923-4363430716BC    |attached                  
|HOST           |host_simhostb0 |5675C748-F103-5F89-A594-D61F1281835F    |attached                  
|HOST           |host_simhostd2 |0B47EC00-1C6E-52C3-8A8A-1E681AB51724    |attached                  
|HOST           |host_simhostd0 |1DEE6A93-1688-5AD4-AAA3-1DD492E6E6D2    |attached                  
|HOST           |host_simhostc4 |D4BFE040-BE3F-5882-98CB-23765A3E3F79    |attached                  
|HOST           |host_simhostb2 |13AE2A04-313B-5B0B-BA6E-22973D0A41AE    |attached                  
|HOST           |host_simhosta1 |9D6D097E-308F-5C35-BBF8-662CE0DEF6DD    |attached                  
|HOST           |host_simhostb4 |B4ED1CCD-BADE-55E2-BEBE-9AED1B07FD46    |attached                  
|HOST           |host_simhostb1 |B837DCF2-F9BA-535F-8EF2-A77917D89E1C    |attached                  
|HOST           |host_simhosta0 |CEAA56AC-65E4-58E5-8E63-82DDA212C9AC    |attached                  
|HOST           |host_simhosta2 |38635CD1-AA2B-5537-B0D8-02862CAA4DB6    |attached                  
|HOST           |host_simhostb3 |98F87C2F-A33E-5027-81CE-25441403BB9A    |attached                  
|VMC            |simzone_c      |516A5A15-B093-5B5F-B171-EE9AA82AAEF0    |attached                  
|VMC            |simzone_d      |8D79A9F1-34B8-5D1A-A903-082245CE052C    |attached                  
|VMC            |simzone_b      |B0B6FF0A-FAE8-5217-A335-C0F1B0BEA0D6    |attached                  
|VMC            |simzone_a      |D5506DC9-493A-57EE-86F6-0B96CB07D162    |attached                  
|HOST           |host_simhostd1 |06730952-DF7F-5B18-9348-A4275DAF829D    |attached                  
|HOST           |host_simhostc3 |8E2EE3D5-7782-58C3-9E39-4012B5F9CEF7    |attached                  
|HOST           |host_simhostc1 |DF8D2780-D691-5FA1-858E-061B505FBE1C    |attached                  
|HOST           |host_simhostd4 |09383424-D590-5BD8-84E1-02661A0E7A6F    |attached                  
|HOST           |host_simhosta3 |B91E7BDD-ED1B-5A59-89D7-74CBBDB8A7D4    |attached                  
|HOST           |host_simhostc0 |92A9F1B1-EFE2-5B16-9E62-38CE813085CD    |attached                  
|HOST           |host_simhostd3 |BF367A0A-46AB-50AD-AF8B-A975943DB7D6    |attached                  
|HOST           |host_simhosta4 |BEEFF5FC-A78F-5D78-A014-15C6A1B08834    |attached                  
|HOST           |host_simhostc2 |1726BD2D-451A-50F9-9923-4363430716BC    |attached                  
|HOST           |host_simhostb0 |5675C748-F103-5F89-A594-D61F1281835F    |attached                  
|HOST           |host_simhostd2 |0B47EC00-1C6E-52C3-8A8A-1E681AB51724    |attached                  
|HOST           |host_simhostd0 |1DEE6A93-1688-5AD4-AAA3-1DD492E6E6D2    |attached                  
|HOST           |host_simhostc4 |D4BFE040-BE3F-5882-98CB-23765A3E3F79    |attached                  
|HOST           |host_simhostb2 |13AE2A04-313B-5B0B-BA6E-22973D0A41AE    |attached                  
|HOST           |host_simhosta1 |9D6D097E-308F-5C35-BBF8-662CE0DEF6DD    |attached                  
|HOST           |host_simhostb4 |B4ED1CCD-BADE-55E2-BEBE-9AED1B07FD46    |attached                  
|HOST           |host_simhostb1 |B837DCF2-F9BA-535F-8EF2-A77917D89E1C    |attached                  
|HOST           |host_simhosta0 |CEAA56AC-65E4-58E5-8E63-82DDA212C9AC    |attached                  
|HOST           |host_simhosta2 |38635CD1-AA2B-5537-B0D8-02862CAA4DB6    |attached                  
|HOST           |host_simhostb3 |98F87C2F-A33E-5027-81CE-25441403BB9A    |attached                  
|VM             |vm_22          |777826A8-EB2F-549C-8DE1-19D856A6BFC4    |attached                  
|VM             |vm_1           |5C29CE0D-B174-5AD8-BF75-6B1793833BBF    |attached                  
|VM             |vm_6           |D50569B7-E411-5214-83AF-E6653495906C    |attached                  
|VM             |vm_16          |19D503F6-4DB1-5467-A7E5-1E05D7461B04    |attached                  
|VM             |vm_4           |FDB6A9EA-8A7A-5DAB-ADAA-CE2AECFF01DA    |attached                  
|VM             |vm_3           |EE9F2972-129F-5020-A9CA-5FFD376C69A9    |attached                  
|VM             |vm_21          |66B75A05-7EC3-516C-8A02-25483D8EAD3F    |attached                  
|VM             |vm_20          |D9FD834C-A507-5931-91D6-0CE1766FEBA6    |attached                  
|VM             |vm_13          |99B6FDCC-10C6-5813-A98B-B02F8CE55813    |attached                  
|VM             |vm_11          |91BB361B-CDF3-5DC7-B074-6D4CDFDE7E31    |attached                  
|VM             |vm_9           |0EA1AF57-79C7-5F87-B6D7-17F1875283DC    |attached                  
|VM             |vm_17          |1AFCC4BC-98E6-5292-88EC-BAA5017A96D4    |attached                  
|VM             |vm_8           |C345ACE0-B563-56B5-A4F5-4A6F3F49858C    |attached                  
|VM             |vm_19          |A0E6FBC4-A342-5547-ACAF-3D8725F13918    |attached                  
|VM             |vm_14          |13ADD3C5-42EF-5A6A-8FD0-CD28A02142D0    |attached                  
|VM             |vm_10          |BA1E6907-CF6F-5BDE-9EC7-53D8761006C9    |attached                  
|VM             |vm_12          |EEA4B21B-AB15-5DC1-8428-EDD99C89D6B5    |attached                  
|VM             |vm_7           |318B9CD3-277A-5943-B19E-71F871D639E7    |attached                  
|VM             |vm_5           |1E7D7D70-5AC8-555B-A53B-0C831E5522E8    |attached                  
|VM             |vm_15          |347AB06C-27F9-55EF-B811-E887F475914A    |attached                  
|VM             |vm_18          |C9EA0EB4-1E4F-5F62-A54E-653F3B1A2BD7    |attached                  

The following statistics are available on this experiment (Cloud TESTCLOUD) :
------------------------- OBJECT STORE -----------------------
|Metric                                               |Value                         
|Used Memory                                          |2.06M                         
|Redis Version                                        |2.6.16                        
|Uptime (in seconds)                                  |3793218                       
|Total Connections Received                           |81312                         
|Total Commands Processed                             |6041359                       
|Number of Keys                                       |450                           
------------------------- METRIC STORE -----------------------
|Metric                                               |Value                         
|MongoDB Version                                      |2.4.9                         
|Storage Size                                         |2158592                       
|Data Size                                            |552976                        
|Index Size                                           |425152                        
|Average Object Size                                  |515.355079217                 
|Collections                                          |14                            
--------------------- EXPERIMENT OBJECTS ---------------------
|Object                                               |Count                         
|VMCs                                                 |4                             
|HOSTs                                                |20                            
|VMs                                                  |21                            
|AIs                                                  |0                             
|AIDRSs                                               |0                             
|VMCRSs                                               |0                             
|FIRSs                                                |0                             
------------------ EXPERIMENT-WIDE COUNTERS ------------------
|Counter                                              |Value                         
|VMC RESERVATIONS                                     |4                             
|VMCs ARRIVED                                         |16                            
|VMCs ARRIVING                                        |0                             
|VMCs DEPARTED                                        |12                            
|VMCs DEPARTING                                       |0                             
|VMCs FAILED                                          |0                             
|HOST RESERVATIONS                                    |0                             
|HOSTs ARRIVED                                        |0                             
|HOSTs ARRIVING                                       |0                             
|HOSTs DEPARTED                                       |0                             
|HOSTs DEPARTING                                      |0                             
|HOSTs FAILED                                         |0                             
|VM RESERVATIONS                                      |21                            
|VMs ARRIVED                                          |22                            
|VMs ARRIVING                                         |0                             
|VMs CAPTURING                                        |0                             
|VMs DEPARTED                                         |1                             
|VMs DEPARTING                                        |0                             
|VMs FAILED                                           |0                             
|AI RESERVATIONS                                      |0                             
|AIs ARRIVED                                          |0                             
|AIs ARRIVING                                         |0                             
|AIs CAPTURING                                        |0                             
|AIs DEPARTED                                         |0                             
|AIs DEPARTING                                        |0                             
|AIs FAILED                                           |0                             
|AIDRS RESERVATIONS                                   |0                             
|AIDRSs ARRIVED                                       |0                             
|AIDRSs ARRIVING                                      |0                             
|AIDRSs DEPARTED                                      |0                             
|AIDRSs DEPARTING                                     |0                             
|AIDRSs FAILED                                        |0                             
|VMCRS RESERVATIONS                                   |0                             
|VMCRSs ARRIVED                                       |0                             
|VMCRSs ARRIVING                                      |0                             
|VMCRSs DEPARTED                                      |0                             
|VMCRSs DEPARTING                                     |0                             
|VMCRSs FAILED                                        |0                             
|FIRS RESERVATIONS                                    |0                             
|FIRSs ARRIVED                                        |0                             
|FIRSs ARRIVING                                       |0                             
|FIRSs DEPARTED                                       |0                             
|FIRSs DEPARTING                                      |0                             
|FIRSs FAILED                                         |0                             
|EXPERIMENT COUNTER                                   |111                           

 ---------------- VMC-WIDE COUNTERS ----------------
|516A5A15-B093-5B5F-B171-EE9AA82AAEF0 (simzone_c) VM RESERVATIONS|7                             
|8D79A9F1-34B8-5D1A-A903-082245CE052C (simzone_d) VM RESERVATIONS|1                             
|B0B6FF0A-FAE8-5217-A335-C0F1B0BEA0D6 (simzone_b) VM RESERVATIONS|7                             
|D5506DC9-493A-57EE-86F6-0B96CB07D162 (simzone_a) VM RESERVATIONS|6                             

