Going to wait until the value on counter "AI (Objects created on the Object Store)" is equal to 0 (currently it is equal to 2) waiting 1.0 seconds between samples, for a maximum of 36000.0 seconds. The counter is assumed to be decreasing.
 status: Counter "AI (Objects created on the Object Store)" equals 2 after 0.0687210559845 seconds (the counter is assumed to be decreasing).
 status: Counter "AI (Objects created on the Object Store)" equals 2 after 1.06872105598 seconds (the counter is assumed to be decreasing).
 status: Counter "AI (Objects created on the Object Store)" equals 2 after 2.06872105598 seconds (the counter is assumed to be decreasing).
 status: Counter "AI (Objects created on the Object Store)" equals 2 after 3.06872105598 seconds (the counter is assumed to be decreasing).
 status: Counter "AI (Objects created on the Object Store)" equals 2 after 4.06872105598 seconds (the counter is assumed to be decreasing).
 status: Counter "AI (Objects created on the Object Store)" equals 2 after 5.06872105598 seconds (the counter is assumed to be decreasing).
 status: Counter "AI (Objects created on the Object Store)" equals 2 after 6.06872105598 seconds (the counter is assumed to be decreasing).
 status: Counter "AI (Objects created on the Object Store)" equals 2 after 7.06872105598 seconds (the counter is assumed to be decreasing).
 status: Counter "AI (Objects created on the Object Store)" equals 2 after 8.06872105598 seconds (the counter is assumed to be decreasing).
 status: Counter "AI (Objects created on the Object Store)" equals 2 after 9.06872105598 seconds (the counter is assumed to be decreasing).
 status: Counter "AI (Objects created on the Object Store)" equals 2 after 10.068721056 seconds (the counter is assumed to be decreasing).
 status: Counter "AI (Objects created on the Object Store)" equals 2 after 11.068721056 seconds (the counter is assumed to be decreasing).
 status: Counter "AI (Objects created on the Object Store)" equals 2 after 12.068721056 seconds (the counter is assumed to be decreasing).
 status: Counter "AI (Objects created on the Object Store)" equals 2 after 13.068721056 seconds (the counter is assumed to be decreasing).
 status: Counter "AI (Objects created on the Object Store)" equals 2 after 14.068721056 seconds (the counter is assumed to be decreasing).
 status: Counter "AI (Objects created on the Object Store)" equals 2 after 15.068721056 seconds (the counter is assumed to be decreasing).
 status: Counter "AI (Objects created on the Object Store)" equals 2 after 16.068721056 seconds (the counter is assumed to be decreasing).
 status: Counter "AI (Objects created on the Object Store)" equals 2 after 17.068721056 seconds (the counter is assumed to be decreasing).
 status: Counter "AI (Objects created on the Object Store)" equals 2 after 18.068721056 seconds (the counter is assumed to be decreasing).
 status: Counter "AI (Objects created on the Object Store)" equals 2 after 19.068721056 seconds (the counter is assumed to be decreasing).
 status: Counter "AI (Objects created on the Object Store)" equals 2 after 20.068721056 seconds (the counter is assumed to be decreasing).
 status: Counter "AI (Objects created on the Object Store)" equals 2 after 21.068721056 seconds (the counter is assumed to be decreasing).
 status: Counter "AI (Objects created on the Object Store)" equals 2 after 22.068721056 seconds (the counter is assumed to be decreasing).
 status: Counter "AI (Objects created on the Object Store)" equals 2 after 23.068721056 seconds (the counter is assumed to be decreasing).
 status: Counter "AI (Objects created on the Object Store)" equals 2 after 24.068721056 seconds (the counter is assumed to be decreasing).
 status: Counter "AI (Objects created on the Object Store)" equals 2 after 25.068721056 seconds (the counter is assumed to be decreasing).
 status: Counter "AI (Objects created on the Object Store)" equals 1 after 26.068721056 seconds (the counter is assumed to be decreasing).
 status: Counter "AI (Objects created on the Object Store)" equals 1 after 27.068721056 seconds (the counter is assumed to be decreasing).
 status: Counter "AI (Objects created on the Object Store)" equals 1 after 28.068721056 seconds (the counter is assumed to be decreasing).
 status: Counter "AI (Objects created on the Object Store)" equals 1 after 29.068721056 seconds (the counter is assumed to be decreasing).
 status: Counter "AI (Objects created on the Object Store)" equals 1 after 30.068721056 seconds (the counter is assumed to be decreasing).
 status: Counter "AI (Objects created on the Object Store)" equals 1 after 32.068721056 seconds (the counter is assumed to be decreasing).
 status: Counter "AI (Objects created on the Object Store)" equals 1 after 33.068721056 seconds (the counter is assumed to be decreasing).
 status: Counter "AI (Objects created on the Object Store)" equals 1 after 34.068721056 seconds (the counter is assumed to be decreasing).
 status: Counter "AI (Objects created on the Object Store)" equals 1 after 35.068721056 seconds (the counter is assumed to be decreasing).
 status: Counter "AI (Objects created on the Object Store)" equals 0 after 36.068721056 seconds (the counter is assumed to be decreasing).
Waited 36.068721056 seconds until "AIs (Objects created on the Object Store)" was equal to 0.
The following ATTACHED AIs are in this experiment (Cloud TESTCLOUD) :
No objects available.
The following ATTACHED VMs are in this experiment (Cloud TESTCLOUD) :
No objects available.
The following statistics are available on this experiment (Cloud TESTCLOUD) :
------------------------- OBJECT STORE -----------------------
|Metric                                               |Value                         
|Used Memory                                          |23.30M                        
|Redis Version                                        |2.8.6                         
|Uptime (in seconds)                                  |12856679                      
|Total Connections Received                           |548634                        
|Total Commands Processed                             |42589038                      
|Number of Keys                                       |1026                          
------------------------- METRIC STORE -----------------------
|Metric                                               |Value                         
|Collections                                          |28                            
--------------------- EXPERIMENT OBJECTS ---------------------
|Object                                               |Count                         
|VMCs                                                 |4                             
|HOSTs                                                |60                            
|VMs                                                  |0                             
|AIs                                                  |0                             
|AIDRSs                                               |1                             
|VMCRSs                                               |0                             
|FIRSs                                                |0                             
------------------ EXPERIMENT-WIDE COUNTERS ------------------
|Counter                                              |Value                         
|VMC RESERVATIONS                                     |4                             
|VMCs ISSUED                                          |16                            
|VMCs ARRIVED                                         |16                            
|VMCs ARRIVING                                        |0                             
|VMCs DEPARTED                                        |12                            
|VMCs DEPARTING                                       |0                             
|VMCs FAILED                                          |0                             
|HOST RESERVATIONS                                    |0                             
|HOSTs ISSUED                                         |0                             
|HOSTs ARRIVED                                        |0                             
|HOSTs ARRIVING                                       |0                             
|HOSTs DEPARTED                                       |0                             
|HOSTs DEPARTING                                      |0                             
|HOSTs FAILED                                         |0                             
|VM RESERVATIONS                                      |0                             
|VMs ISSUED                                           |123                           
|VMs ARRIVED                                          |119                           
|VMs ARRIVING                                         |0                             
|VMs CAPTURING                                        |0                             
|VMs DEPARTED                                         |119                           
|VMs DEPARTING                                        |0                             
|VMs FAILED                                           |4                             
|VMs SLA PROVISIONING VIOLATED                        |0                             
|VMs SLA RUNTIME VIOLATED                             |0                             
|VMs APPLICATION ERRORS                               |1                             
|AI RESERVATIONS                                      |0                             
|AIs ISSUED                                           |32                            
|AIs ARRIVED                                          |30                            
|AIs ARRIVING                                         |0                             
|AIs CAPTURING                                        |0                             
|AIs DEPARTED                                         |30                            
|AIs DEPARTING                                        |0                             
|AIs FAILED                                           |2                             
|AIDRS RESERVATIONS                                   |1                             
|AIDRSs ISSUED                                        |1                             
|AIDRSs ARRIVED                                       |1                             
|AIDRSs ARRIVING                                      |0                             
|AIDRSs DEPARTED                                      |0                             
|AIDRSs DEPARTING                                     |0                             
|AIDRSs FAILED                                        |0                             
|VMCRS RESERVATIONS                                   |0                             
|VMCRSs ISSUED                                        |0                             
|VMCRSs ARRIVED                                       |0                             
|VMCRSs ARRIVING                                      |0                             
|VMCRSs DEPARTED                                      |0                             
|VMCRSs DEPARTING                                     |0                             
|VMCRSs FAILED                                        |0                             
|FIRS RESERVATIONS                                    |0                             
|FIRSs ISSUED                                         |0                             
|FIRSs ARRIVED                                        |0                             
|FIRSs ARRIVING                                       |0                             
|FIRSs DEPARTED                                       |0                             
|FIRSs DEPARTING                                      |0                             
|FIRSs FAILED                                         |0                             
|EXPERIMENT COUNTER                                   |513                           

 ---------------- VMC-WIDE COUNTERS ----------------
|A168E857-FDCA-5E02-98BB-32D5CA3934A5 (simzone_d) VM RESERVATIONS|0                             
|2A9C7A1E-D5EE-5CFE-BE56-2B4E298B71F7 (simzone_a) VM RESERVATIONS|0                             
|FB2A884A-73A4-5C91-B913-9AD4AF1FB28A (simzone_c) VM RESERVATIONS|0                             
|073C9CDF-01E7-5AA9-B92E-02C6DA6E75D6 (simzone_b) VM RESERVATIONS|0                             

 ---------------- AIDRS-WIDE COUNTERS ----------------
|6DEFFF8B-03C4-51B2-9A81-F003D4824B76 (aidrs_1) AI RESERVATIONS|0                             

