Background operation execution success. Operation "vm-attach" will be processed asynchronously, through the command "/home/msilva/cloudbench/lib/operations//../../cbact --procid=TEST_msilva --osp=port:6379,experiment_inst:TEST_msilva,host:172.16.1.250,pid:TEST_msilva,dbid:10,timout:70,protocol:TCP,kind:redis,username:msilva --msp=port:27017,timeout:240,host:172.16.1.250,pid:TEST_msilva,database:metrics,protocol:TCP,kind:mongodb,username:msilva --oop=TESTCLOUD,db2,SUT,A:B+_*X:Y+_*R:2,default,none,empty=empty --operation=vm-attach --cn=TESTCLOUD --uuid=21F523CA-5683-5874-8DFF-FE0B3E68B77E --daemon". The process id is 17298.

Going to unconditionally wait for 1s (1 seconds). The command line interface will be blocked during the waiting.
Waited 1 seconds... (100.0%)
Waited for 1 seconds.
The following PENDING VMs are in this experiment (Cloud TESTCLOUD) :
|name          |role                |size        |cloud_ip        |host_name                  |vmc_pool            |ai      |aidrs      |uuid
|vm_9          |unavailable         |unavailable |unavailable     |unavailable                |unavailable         |unavailable|unavailable|21F523CA-5683-5874-8DFF-FE0B3E68B77E

Going to unconditionally wait for 8s (8 seconds). The command line interface will be blocked during the waiting.
Waited 1 seconds... (12.5%)
Waited 2 seconds... (25.0%)
Waited 3 seconds... (37.5%)
Waited 4 seconds... (50.0%)
Waited 5 seconds... (62.5%)
Waited 6 seconds... (75.0%)
Waited 7 seconds... (87.5%)
Waited 8 seconds... (100.0%)
Waited for 8 seconds.
The following ATTACHED VMs are in this experiment (Cloud TESTCLOUD) :
|name          |role                |size        |cloud_ip        |host_name                  |vmc_pool            |ai      |aidrs      |uuid
|vm_1          |tinyvm              |pico32      |29.82.87.242    |simhosta1                  |SUT                 |none    |none       |6ACE62BD-D7F9-5736-8A15-14EFCDB4D3C8
|vm_3          |tinyvm              |pico32      |70.169.109.31   |simhostb1                  |SUT                 |none    |none       |DD958086-32D4-5B48-9558-8A8EC2E9A164
|vm_4          |db2                 |copper32    |26.253.210.214  |simhostc1                  |SUT                 |none    |none       |7EA82D09-5944-5F5F-8854-5CE385071C35
|vm_5          |netclient           |platinum64  |116.77.121.12   |simhostc1                  |SUT                 |none    |none       |9A9038FF-525E-5953-A91F-BA8B51E0629D
|vm_6          |tinyvm              |pico32      |7.189.195.208   |simhosta1                  |SUT                 |none    |none       |4467B178-CAEC-521A-96DD-477E02D7A7DB
|vm_7          |tinyvm              |pico32      |98.157.96.103   |simhostb1                  |SUT                 |none    |none       |E83EE478-7F8E-5E8D-B913-82EAF311CE79
|vm_8          |tinyvm              |pico32      |3.120.74.54     |simhosta1                  |SUT                 |none    |none       |B57980AF-27E4-5B16-95D2-A3C9C8709AC6
|vm_9          |db2                 |platinum64  |78.217.132.82   |simhosta1                  |SUT                 |none    |none       |21F523CA-5683-5874-8DFF-FE0B3E68B77E

The VM object vm_9, attached to this experiment, has the following attributes (Cloud TESTCLOUD) :
|attribute (VM object key)               |value                                
|host_name                               |simhosta1                            
|meta_tags                               |{'A': 'B', 'X': 'Y', 'R': '2'}       
|role                                    |db2                                  
|size                                    |platinum64                           
|vmc_name                                |simzone_a                            
|vmc_pool                                |SUT                                  

The following statistics are available on this experiment (Cloud TESTCLOUD) :
------------------------- OBJECT STORE -----------------------
|Metric                                               |Value                         
|Used Memory                                          |1.44M                         
|Redis Version                                        |2.6.16                        
|Uptime (in seconds)                                  |507572                        
|Total Connections Received                           |10466                         
|Total Commands Processed                             |577681                        
|Number of Keys                                       |342                           
------------------------- METRIC STORE -----------------------
|Metric                                               |Value                         
|MongoDB Version                                      |2.4.9                         
|Storage Size                                         |1282048                       
|Data Size                                            |118560                        
|Index Size                                           |294336                        
|Average Object Size                                  |359.272727273                 
|Collections                                          |14                            
--------------------- EXPERIMENT OBJECTS ---------------------
|Object                                               |Count                         
|VMCs                                                 |4                             
|HOSTs                                                |20                            
|VMs                                                  |8                             
|AIs                                                  |0                             
|AIDRSs                                               |0                             
|VMCRSs                                               |0                             
|FIRSs                                                |0                             
------------------ EXPERIMENT-WIDE COUNTERS ------------------
|Counter                                              |Value                         
|VMC RESERVATIONS                                     |4                             
|VMCs ARRIVED                                         |16                            
|VMCs ARRIVING                                        |0                             
|VMCs DEPARTED                                        |12                            
|VMCs DEPARTING                                       |0                             
|VMCs FAILED                                          |0                             
|HOST RESERVATIONS                                    |0                             
|HOSTs ARRIVED                                        |0                             
|HOSTs ARRIVING                                       |0                             
|HOSTs DEPARTED                                       |0                             
|HOSTs DEPARTING                                      |0                             
|HOSTs FAILED                                         |0                             
|VM RESERVATIONS                                      |8                             
|VMs ARRIVED                                          |9                             
|VMs ARRIVING                                         |0                             
|VMs CAPTURING                                        |0                             
|VMs DEPARTED                                         |1                             
|VMs DEPARTING                                        |0                             
|VMs FAILED                                           |0                             
|AI RESERVATIONS                                      |0                             
|AIs ARRIVED                                          |0                             
|AIs ARRIVING                                         |0                             
|AIs CAPTURING                                        |0                             
|AIs DEPARTED                                         |0                             
|AIs DEPARTING                                        |0                             
|AIs FAILED                                           |0                             
|AIDRS RESERVATIONS                                   |0                             
|AIDRSs ARRIVED                                       |0                             
|AIDRSs ARRIVING                                      |0                             
|AIDRSs DEPARTED                                      |0                             
|AIDRSs DEPARTING                                     |0                             
|AIDRSs FAILED                                        |0                             
|VMCRS RESERVATIONS                                   |0                             
|VMCRSs ARRIVED                                       |0                             
|VMCRSs ARRIVING                                      |0                             
|VMCRSs DEPARTED                                      |0                             
|VMCRSs DEPARTING                                     |0                             
|VMCRSs FAILED                                        |0                             
|FIRS RESERVATIONS                                    |0                             
|FIRSs ARRIVED                                        |0                             
|FIRSs ARRIVING                                       |0                             
|FIRSs DEPARTED                                       |0                             
|FIRSs DEPARTING                                      |0                             
|FIRSs FAILED                                         |0                             
|EXPERIMENT COUNTER                                   |98                            

 ---------------- VMC-WIDE COUNTERS ----------------
|49282BA1-6D05-5C43-9AF0-FFE568AFD5F9 (simzone_b) VM RESERVATIONS|2                             
|F04BDEFB-2E30-560C-802C-A1FABC5D8D0C (simzone_a) VM RESERVATIONS|4                             
|9C8B8765-2143-577F-9E2E-DEDF96009D33 (simzone_d) VM RESERVATIONS|0                             
|68F26DD5-96FF-5310-9ED9-3568A17CBF4A (simzone_c) VM RESERVATIONS|2                             

