VMs with the following roles can be attached to to this experiment (Cloud TESTCLOUD) :
driver_filebench, driver_coremark, predictablevm, seed, coremark, mysql, cassandra, client_windows, ddgen, lb, hadoopmaster, willfail, client_daytrader, driver_daytrader, fioserver, driver_fio, was, netclient, filebench, specjbb, driver_tradelite, mongodb, fioclient, cn_hpc, fen_hpc, mongo_cfg_server, db2, netserver, faildb2, windows, geronimo, ycsb, driver_netperf, client_tradelite, driver_hadoop, tinyvm, mongos, hadoopslave
